C:/Users/14695/STM32CubeIDE/workspace/gophercan-lib/GopherCAN_ring_buffer.c:100:13:copy_message	0	static
C:/Users/14695/STM32CubeIDE/workspace/gophercan-lib/GopherCAN_ring_buffer.c:18:6:init_buffer	0	static
C:/Users/14695/STM32CubeIDE/workspace/gophercan-lib/GopherCAN_ring_buffer.c:29:6:remove_from_front	8	static
C:/Users/14695/STM32CubeIDE/workspace/gophercan-lib/GopherCAN_ring_buffer.c:49:6:add_message_to_back	8	static
C:/Users/14695/STM32CubeIDE/workspace/gophercan-lib/GopherCAN_ring_buffer.c:69:6:add_message_by_highest_prio	24	static
